+----+-------------+-------+--------------------------------+
| id | big         | name  | descr                          |
+----+-------------+-------+--------------------------------+
|  1 |  9000000000 | alice | short bio                      |
|  2 | -9000000000 | bob   | longer bio with some more text |
+----+-------------+-------+--------------------------------+
