+-----+
| cnt |
+-----+
|  10 |
+-----+
+---------+---------+--------+--------+--------+
| MIN(id) | MAX(id) | MIN(v) | MAX(v) | SUM(v) |
+---------+---------+--------+--------+--------+
|       1 |      10 |    100 |   1000 |   5500 |
+---------+---------+--------+--------+--------+
+----+------+
| id | v    |
+----+------+
|  3 |  300 |
|  4 |  400 |
|  5 |  500 |
|  6 |  600 |
|  7 |  700 |
+----+------+
