+-------------------+
| rows_after_insert |
+-------------------+
|                 2 |
+-------------------+
+----------------+----------+----------+----------+
| Table          | Op       | Msg_type | Msg_text |
+----------------+----------+----------+----------+
| test_phase2.t1 | optimize | status   | OK       |
+----------------+----------+----------+----------+
+----+--------+
| id | v      |
+----+--------+
|  1 | first  |
|  2 | second |
+----+--------+
