+----+
| id |
+----+
|  2 |
+----+
+----+
| id |
+----+
|  3 |
+----+
+----+
| id |
+----+
|  5 |
+----+
+----+------+--------+
| id | a    | b      |
+----+------+--------+
|  1 |   10 | apple  |
|  2 |   10 | banana |
+----+------+--------+
+----+------+--------+
| id | a    | b      |
+----+------+--------+
|  3 |   20 | apple  |
|  4 |   20 | banana |
+----+------+--------+
+----+------+--------+
| id | a    | b      |
+----+------+--------+
|  3 |   20 | apple  |
|  4 |   20 | banana |
|  5 |   30 | cherry |
+----+------+--------+
