+-------+
| price |
+-------+
| 19.99 |
+-------+
+-------+
| price |
+-------+
|  8.50 |
+-------+
+--------+------+-------+
| region | sku  | price |
+--------+------+-------+
| us     | 1001 |  9.99 |
| us     | 1002 | 19.99 |
| us     | 1003 | 29.99 |
+--------+------+-------+
+--------+------+-------+
| region | sku  | price |
+--------+------+-------+
| eu     | 1001 |  8.50 |
| eu     | 1002 | 17.00 |
+--------+------+-------+
+--------+------+-------+
| region | sku  | price |
+--------+------+-------+
| eu     | 1001 |  8.50 |
| eu     | 1002 | 17.00 |
| us     | 1001 |  9.99 |
| us     | 1002 | 19.99 |
| us     | 1003 | 29.99 |
+--------+------+-------+
+--------+
| price  |
+--------+
| 999.00 |
+--------+
+-----------+
| remaining |
+-----------+
|         4 |
+-----------+
