+----+------+
| id | name |
+----+------+
|  1 | a    |
|  2 | b    |
|  3 | c    |
+----+------+
+-----+------+
| id  | name |
+-----+------+
|   1 | a    |
|   2 | b    |
|   3 | c    |
| 100 | jump |
+-----+------+
+-----+------------+
| id  | name       |
+-----+------------+
| 101 | after_jump |
+-----+------------+
+-----+--------------+
| id  | name         |
+-----+--------------+
| 102 | after_delete |
+-----+--------------+
+-----------------+
| last_id_correct |
+-----------------+
|               1 |
+-----------------+
