+----+------+------+--------+-------+
| id | ti   | tu   | si     | su    |
+----+------+------+--------+-------+
|  1 | -128 |    0 | -32768 |     0 |
|  2 |  127 |  255 |  32767 | 65535 |
|  3 |    0 |    0 |      0 |     0 |
+----+------+------+--------+-------+
+----+----------+----------+-------------+------------+
| id | mi       | mu       | ii          | iu         |
+----+----------+----------+-------------+------------+
|  1 | -8388608 |        0 | -2147483648 |          0 |
|  2 |  8388607 | 16777215 |  2147483647 | 4294967295 |
|  3 |        0 |        0 |           0 |          0 |
+----+----------+----------+-------------+------------+
+----+----------------------+----------------------+
| id | bi                   | bu                   |
+----+----------------------+----------------------+
|  1 | -9223372036854775808 |                    0 |
|  2 |  9223372036854775807 | 18446744073709551615 |
|  3 |                    0 |                    0 |
+----+----------------------+----------------------+
