+----+------+-------------------+------------+
| id | f4   | f8                | d10_4      |
+----+------+-------------------+------------+
|  1 | 3.14 | 2.718281828459045 | 12345.6789 |
|  2 | -0.5 |            -1e100 |   -99.9999 |
|  3 |    0 |                 0 |     0.0000 |
+----+------+-------------------+------------+
+------------+
| sum_dec    |
+------------+
| 12245.6790 |
+------------+
