+----+------------+------+
| id | fixed_char | clen |
+----+------------+------+
|  1 | abc        |    3 |
|  2 | longest!!  |    9 |
|  3 |            |    0 |
+----+------------+------+
+----+------------------+------+
| id | bhex             | blen |
+----+------------------+------+
|  1 | 6162636400000000 |    8 |
|  2 | 4141414142424242 |    8 |
|  3 | 0000000000000000 |    8 |
+----+------------------+------+
+----+--------------------------+------+
| id | vhex                     | vlen |
+----+--------------------------+------+
|  1 | 48656C6C6F20776F726C6421 |   12 |
|  2 | 00010203FFFFFEFD         |    8 |
|  3 |                          |    0 |
+----+--------------------------+------+
