+----+-------+-----------------+
| id | color | flags           |
+----+-------+-----------------+
|  1 | red   | read            |
|  2 | green | read,write      |
|  3 | blue  | read,write,exec |
|  4 | NULL  |                 |
+----+-------+-----------------+
+----+-------+
| id | color |
+----+-------+
|  2 | green |
+----+-------+
+----+-----------------+
| id | flags           |
+----+-----------------+
|  3 | read,write,exec |
+----+-----------------+
