+----+------+-------+
| id | v    | extra |
+----+------+-------+
|  1 | a    |    99 |
|  2 | b    |    99 |
+----+------+-------+
+----+------+-------+
| id | v    | extra |
+----+------+-------+
|  1 | a    |     7 |
|  2 | b    |    99 |
+----+------+-------+
+----+-------+
| id | extra |
+----+-------+
|  1 |     7 |
|  2 |    99 |
+----+-------+
