+----+------+
| id | v    |
+----+------+
|  1 | lz4  |
+----+------+
+----+-------+
| id | v     |
+----+-------+
|  1 | zstd  |
|  2 | zstd2 |
+----+-------+
+----+-------+
| id | v     |
+----+-------+
|  1 | plain |
+----+-------+
+------------+---------+----------------+
| TABLE_NAME | ENGINE  | CREATE_OPTIONS |
+------------+---------+----------------+
| t_def      | TidesDB |                |
| t_lz4      | TidesDB |                |
| t_none     | TidesDB |                |
| t_zstd     | TidesDB |                |
+------------+---------+----------------+
