+------+
| val  |
+------+
| r112 |
+------+
+---+---+---+------+
| a | b | c | val  |
+---+---+---+------+
| 1 | 1 | 1 | r111 |
| 1 | 1 | 2 | r112 |
+---+---+---+------+
+---+---+---+------+
| a | b | c | val  |
+---+---+---+------+
| 1 | 1 | 1 | r111 |
| 1 | 1 | 2 | r112 |
| 1 | 2 | 1 | r121 |
+---+---+---+------+
+---+---+---+
| a | b | c |
+---+---+---+
| 1 | 1 | 1 |
| 1 | 1 | 2 |
| 1 | 2 | 1 |
| 2 | 1 | 1 |
| 2 | 2 | 2 |
+---+---+---+
+------+
| qty  |
+------+
|   11 |
+------+
+--------+------------+------+
| region | day        | qty  |
+--------+------------+------+
| eu     | 2026-01-01 |   20 |
| eu     | 2026-01-02 |   21 |
+--------+------------+------+
+--------+------------+------+
| region | day        | qty  |
+--------+------------+------+
| eu     | 2026-01-01 |   20 |
| eu     | 2026-01-02 |   21 |
| us     | 2026-01-01 |   10 |
| us     | 2026-01-02 |   11 |
+--------+------------+------+
+--------+----+-------+
| tenant | id | label |
+--------+----+-------+
|      1 |  1 | a     |
|      1 |  4 | b     |
|      2 |  7 | c     |
+--------+----+-------+
+---+---+---------+
| a | b | val     |
+---+---+---------+
| 1 | 2 | one-two |
| 1 | 5 | one-one |
| 2 | 1 | two-one |
+---+---+---------+
+---------+
| val     |
+---------+
| one-one |
+---------+
