+----+------+-------+
| id | v    | extra |
+----+------+-------+
|  1 | a    |    99 |
|  2 | b    |    99 |
|  3 | c    |    99 |
+----+------+-------+
+----+------+-------+-----+
| id | v    | extra | qty |
+----+------+-------+-----+
|  1 | a    |    99 |   7 |
|  2 | b    |    99 |   7 |
|  3 | c    |    99 |   7 |
+----+------+-------+-----+
+----+------+-------+-----+------+
| id | v    | extra | qty | note |
+----+------+-------+-----+------+
|  1 | a    |    99 |   7 | NULL |
|  2 | b    |    99 |   7 | NULL |
|  3 | c    |    99 |   7 | NULL |
+----+------+-------+-----+------+
+----+------+-------+-----+---------+
| id | v    | extra | qty | note    |
+----+------+-------+-----+---------+
|  1 | a    |    99 |   7 | NULL    |
|  2 | b    |   555 |  11 | updated |
|  3 | c    |    99 |   7 | NULL    |
+----+------+-------+-----+---------+
+----+------+-------+-----+---------+
| id | v    | extra | qty | note    |
+----+------+-------+-----+---------+
|  1 | a    |    99 |   7 | NULL    |
|  2 | b    |   555 |  11 | updated |
|  3 | c    |    99 |   7 | NULL    |
|  4 | d    |     1 |   1 | new     |
+----+------+-------+-----+---------+
